*BÀI1
PC@LAPTOP-00OJQJ9N MINGW64 ~/Desktop/BTchuong3
$ git clone https://github.com/ntynhi25174600185-hue/37_NguyenThiYenNhi_bai_tap.git
Cloning into '37_NguyenThiYenNhi_bai_tap'...
remote: Enumerating objects: 3, done.
remote: Counting objects: 100% (3/3), done.
remote: Total 3 (delta 0), reused 0 (delta 0), pack-reused 0 (from 0)
Receiving objects: 100% (3/3), done
*BÀI2
PC@LAPTOP-00OJQJ9N MINGW64 ~/Desktop/BTchuong3/37_NguyenThiYenNhi_bai_tap (main)
$ git status
On branch main
Your branch is up to date with 'origin/main'.

Changes not staged for commit:
  (use "git add <file>..." to update what will be committed)
  (use "git restore <file>..." to discard changes in working directory)
        modified:   README.md

no changes added to commit (use "git add" and/or "git commit -a")

PC@LAPTOP-00OJQJ9N MINGW64 ~/Desktop/BTchuong3/37_NguyenThiYenNhi_bai_tap (main)
$ git add README.md

PC@LAPTOP-00OJQJ9N MINGW64 ~/Desktop/BTchuong3/37_NguyenThiYenNhi_bai_tap (main)
$ git commit -m "nội dung file README.md"
[main 13ba3b8] nội dung file README.md
 1 file changed, 1 insertion(+), 1 deletion(-)

PC@LAPTOP-00OJQJ9N MINGW64 ~/Desktop/BTchuong3/37_NguyenThiYenNhi_bai_tap (main)
$ git push origin main
Enumerating objects: 5, done.
Counting objects: 100% (5/5), done.
Delta compression using up to 16 threads
Compressing objects: 100% (2/2), done.
Writing objects: 100% (3/3), 658 bytes | 658.00 KiB/s, done.
Total 3 (delta 0), reused 0 (delta 0), pack-reused 0 (from 0)
To https://github.com/ntynhi25174600185-hue/37_NguyenThiYenNhi_bai_tap.git
   882a301..13ba3b8  main -> main
*BÀI3
PC@LAPTOP-00OJQJ9N MINGW64 ~/Desktop/BTchuong3/37_NguyenThiYenNhi_bai_tap (main)
$ git branch
* main

PC@LAPTOP-00OJQJ9N MINGW64 ~/Desktop/BTchuong3/37_NguyenThiYenNhi_bai_tap (main)
$ git checkout -b branch_1
Switched to a new branch 'branch_1'

PC@LAPTOP-00OJQJ9N MINGW64 ~/Desktop/BTchuong3/37_NguyenThiYenNhi_bai_tap (branch_1)
$ echo "Lorem ipsum dolor sit amet, consectetur adipiscing elit." > text_branch_1.txt

PC@LAPTOP-00OJQJ9N MINGW64 ~/Desktop/BTchuong3/37_NguyenThiYenNhi_bai_tap (branch_1)
$ git add text_branch_1.txt
warning: in the working copy of 'text_branch_1.txt', LF will be replaced by CRLF the next time Git touches it

PC@LAPTOP-00OJQJ9N MINGW64 ~/Desktop/BTchuong3/37_NguyenThiYenNhi_bai_tap (branch_1)
$ git commit -m "thêm file text_branch_1.txt"
[branch_1 a978e01] thêm file text_branch_1.txt
 1 file changed, 1 insertion(+)
 create mode 100644 text_branch_1.txt

PC@LAPTOP-00OJQJ9N MINGW64 ~/Desktop/BTchuong3/37_NguyenThiYenNhi_bai_tap (branch_1)
$ git push origin branch_1
Enumerating objects: 4, done.
Counting objects: 100% (4/4), done.
Delta compression using up to 16 threads
Compressing objects: 100% (3/3), done.
Writing objects: 100% (3/3), 379 bytes | 379.00 KiB/s, done.
Total 3 (delta 0), reused 0 (delta 0), pack-reused 0 (from 0)
remote:
remote: Create a pull request for 'branch_1' on GitHub by visiting:
remote:      https://github.com/ntynhi25174600185-hue/37_NguyenThiYenNhi_bai_tap/pull/new/branch_1
remote:
To https://github.com/ntynhi25174600185-hue/37_NguyenThiYenNhi_bai_tap.git
 * [new branch]      branch_1 -> branch_1

PC@LAPTOP-00OJQJ9N MINGW64 ~/Desktop/BTchuong3/37_NguyenThiYenNhi_bai_tap (branch_1)
$ git checkout main
Switched to branch 'main'
Your branch is up to date with 'origin/main'.

PC@LAPTOP-00OJQJ9N MINGW64 ~/Desktop/BTchuong3/37_NguyenThiYenNhi_bai_tap (main)
$ git checkout -b branch_2
Switched to a new branch 'branch_2'

PC@LAPTOP-00OJQJ9N MINGW64 ~/Desktop/BTchuong3/37_NguyenThiYenNhi_bai_tap (branch_2)
$ echo "Praesent ullamcorper orci eu erat placerat sodales." > text_branch_2.txt

PC@LAPTOP-00OJQJ9N MINGW64 ~/Desktop/BTchuong3/37_NguyenThiYenNhi_bai_tap (branch_2)
$ git add text_branch_2.txt
warning: in the working copy of 'text_branch_2.txt', LF will be replaced by CRLF the next time Git touches it

PC@LAPTOP-00OJQJ9N MINGW64 ~/Desktop/BTchuong3/37_NguyenThiYenNhi_bai_tap (branch_2)
$ git commit -m "thêm file text_branch_2.txt"
[branch_2 2048ddd] thêm file text_branch_2.txt
 1 file changed, 1 insertion(+)
 create mode 100644 text_branch_2.txt

PC@LAPTOP-00OJQJ9N MINGW64 ~/Desktop/BTchuong3/37_NguyenThiYenNhi_bai_tap (branch_2)
$ git push origin branch_2
Enumerating objects: 4, done.
Counting objects: 100% (4/4), done.
Delta compression using up to 16 threads
Compressing objects: 100% (3/3), done.
Writing objects: 100% (3/3), 370 bytes | 370.00 KiB/s, done.
Total 3 (delta 0), reused 0 (delta 0), pack-reused 0 (from 0)
remote:
remote: Create a pull request for 'branch_2' on GitHub by visiting:
remote:      https://github.com/ntynhi25174600185-hue/37_NguyenThiYenNhi_bai_tap/pull/new/branch_2
remote:
To https://github.com/ntynhi25174600185-hue/37_NguyenThiYenNhi_bai_tap.git
 * [new branch]      branch_2 -> branch_2

PC@LAPTOP-00OJQJ9N MINGW64 ~/Desktop/BTchuong3/37_NguyenThiYenNhi_bai_tap (branch_2)
$ git checkout main
Switched to branch 'main'
Your branch is up to date with 'origin/main'.

PC@LAPTOP-00OJQJ9N MINGW64 ~/Desktop/BTchuong3/37_NguyenThiYenNhi_bai_tap (main)
$ git checkout -b branch_3
Switched to a new branch 'branch_3'

PC@LAPTOP-00OJQJ9N MINGW64 ~/Desktop/BTchuong3/37_NguyenThiYenNhi_bai_tap (branch_3)
$ echo "Integer sit amet nisi aliquam, tempor libero quis, cursus erat." > text_branch_3.txt

PC@LAPTOP-00OJQJ9N MINGW64 ~/Desktop/BTchuong3/37_NguyenThiYenNhi_bai_tap (branch_3)
$ git add text_branch_3.txt
warning: in the working copy of 'text_branch_3.txt', LF will be replaced by CRLF the next time Git touches it

PC@LAPTOP-00OJQJ9N MINGW64 ~/Desktop/BTchuong3/37_NguyenThiYenNhi_bai_tap (branch_3)
$ git commit -m "thêm file text_branch_3.txt"
[branch_3 786c787] thêm file text_branch_3.txt
 1 file changed, 1 insertion(+)
 create mode 100644 text_branch_3.txt

PC@LAPTOP-00OJQJ9N MINGW64 ~/Desktop/BTchuong3/37_NguyenThiYenNhi_bai_tap (branch_3)
$ git push origin branch_3
Enumerating objects: 4, done.
Counting objects: 100% (4/4), done.
Delta compression using up to 16 threads
Compressing objects: 100% (3/3), done.
Writing objects: 100% (3/3), 382 bytes | 382.00 KiB/s, done.
Total 3 (delta 0), reused 0 (delta 0), pack-reused 0 (from 0)
remote:
remote: Create a pull request for 'branch_3' on GitHub by visiting:
remote:      https://github.com/ntynhi25174600185-hue/37_NguyenThiYenNhi_bai_tap/pull/new/branch_3
remote:
To https://github.com/ntynhi25174600185-hue/37_NguyenThiYenNhi_bai_tap.git
 * [new branch]      branch_3 -> branch_3

PC@LAPTOP-00OJQJ9N MINGW64 ~/Desktop/BTchuong3/37_NguyenThiYenNhi_bai_tap (branch_3)
$ git checkout main
Switched to branch 'main'
Your branch is up to date with 'origin/main'.

PC@LAPTOP-00OJQJ9N MINGW64 ~/Desktop/BTchuong3/37_NguyenThiYenNhi_bai_tap (main)
$ git checkout -b branch_4
Switched to a new branch 'branch_4'

PC@LAPTOP-00OJQJ9N MINGW64 ~/Desktop/BTchuong3/37_NguyenThiYenNhi_bai_tap (branch_4)
$ echo "Cras ac mi nec nisi porta ultrices sed non ante." > text_branch_4.txt

PC@LAPTOP-00OJQJ9N MINGW64 ~/Desktop/BTchuong3/37_NguyenThiYenNhi_bai_tap (branch_4)
$ git add text_branch_4.txt
warning: in the working copy of 'text_branch_4.txt', LF will be replaced by CRLF the next time Git touches it

PC@LAPTOP-00OJQJ9N MINGW64 ~/Desktop/BTchuong3/37_NguyenThiYenNhi_bai_tap (branch_4)
$ git commit -m "thêm file text_branch_4.txt"
[branch_4 9bc943e] thêm file text_branch_4.txt
 1 file changed, 1 insertion(+)
 create mode 100644 text_branch_4.txt

PC@LAPTOP-00OJQJ9N MINGW64 ~/Desktop/BTchuong3/37_NguyenThiYenNhi_bai_tap (branch_4)
$ git push origin branch_4
Enumerating objects: 4, done.
Counting objects: 100% (4/4), done.
Delta compression using up to 16 threads
Compressing objects: 100% (2/2), done.
Writing objects: 100% (3/3), 370 bytes | 370.00 KiB/s, done.
Total 3 (delta 0), reused 0 (delta 0), pack-reused 0 (from 0)
remote:
remote: Create a pull request for 'branch_4' on GitHub by visiting:
remote:      https://github.com/ntynhi25174600185-hue/37_NguyenThiYenNhi_bai_tap/pull/new/branch_4
remote:
To https://github.com/ntynhi25174600185-hue/37_NguyenThiYenNhi_bai_tap.git
 * [new branch]      branch_4 -> branch_4

BÀI4
PC@LAPTOP-00OJQJ9N MINGW64 ~/Desktop/BTchuong3/37_NguyenThiYenNhi_bai_tap (branch_4)
$ git checkout main
Switched to branch 'main'
Your branch is up to date with 'origin/main'.

PC@LAPTOP-00OJQJ9N MINGW64 ~/Desktop/BTchuong3/37_NguyenThiYenNhi_bai_tap (main)
$ git branch -d branch_4
error: the branch 'branch_4' is not fully merged
hint: If you are sure you want to delete it, run 'git branch -D branch_4'
hint: Disable this message with "git config set advice.forceDeleteBranch false"

PC@LAPTOP-00OJQJ9N MINGW64 ~/Desktop/BTchuong3/37_NguyenThiYenNhi_bai_tap (main)
$ git branch -D branch_4
Deleted branch branch_4 (was 9bc943e).

PC@LAPTOP-00OJQJ9N MINGW64 ~/Desktop/BTchuong3/37_NguyenThiYenNhi_bai_tap (main)
$ git branch --list
  branch_1
  branch_2
  branch_3
* main

PC@LAPTOP-00OJQJ9N MINGW64 ~/Desktop/BTchuong3/37_NguyenThiYenNhi_bai_tap (main)
$ git branch -r
  origin/HEAD -> origin/main
  origin/branch_1
  origin/branch_2
  origin/branch_3
  origin/branch_4
  origin/main

BÀI5
PC@LAPTOP-00OJQJ9N MINGW64 ~/Desktop/BTchuong3/37_NguyenThiYenNhi_bai_tap (main)
$ git pull origin main
From https://github.com/ntynhi25174600185-hue/37_NguyenThiYenNhi_bai_tap
 * branch            main       -> FETCH_HEAD
Already up to date.

BÀI6
PC@LAPTOP-00OJQJ9N MINGW64 ~/Desktop/BTchuong3/37_NguyenThiYenNhi_bai_tap (main)
$ mkdir main_folder

PC@LAPTOP-00OJQJ9N MINGW64 ~/Desktop/BTchuong3/37_NguyenThiYenNhi_bai_tap (main)
$ echo "KHDL k19" > main_folder/main_txt_1.txt

PC@LAPTOP-00OJQJ9N MINGW64 ~/Desktop/BTchuong3/37_NguyenThiYenNhi_bai_tap (main)
$ echo "bầu trời trong xanh" > main_folder/main_txt_2.txt

PC@LAPTOP-00OJQJ9N MINGW64 ~/Desktop/BTchuong3/37_NguyenThiYenNhi_bai_tap (main)
$ echo "cá voi đại dương" > main_folder/main_txt_3.txt

PC@LAPTOP-00OJQJ9N MINGW64 ~/Desktop/BTchuong3/37_NguyenThiYenNhi_bai_tap (main)
$ git add main_folder/
warning: in the working copy of 'main_folder/main_txt_1.txt', LF will be replaced by CRLF the next time Git touches it
warning: in the working copy of 'main_folder/main_txt_2.txt', LF will be replaced by CRLF the next time Git touches it
warning: in the working copy of 'main_folder/main_txt_3.txt', LF will be replaced by CRLF the next time Git touches it

PC@LAPTOP-00OJQJ9N MINGW64 ~/Desktop/BTchuong3/37_NguyenThiYenNhi_bai_tap (main)
$ git commit -m "thêm thư mục main_folder chứa 3 file txt"
[main 3c9a322] thêm thư mục main_folder chứa 3 file txt
 3 files changed, 3 insertions(+)
 create mode 100644 main_folder/main_txt_1.txt
 create mode 100644 main_folder/main_txt_2.txt
 create mode 100644 main_folder/main_txt_3.txt

PC@LAPTOP-00OJQJ9N MINGW64 ~/Desktop/BTchuong3/37_NguyenThiYenNhi_bai_tap (main)
$ git push origin main
Enumerating objects: 7, done.
Counting objects: 100% (7/7), done.
Delta compression using up to 16 threads
Compressing objects: 100% (3/3), done.
Writing objects: 100% (6/6), 517 bytes | 129.00 KiB/s, done.
Total 6 (delta 0), reused 0 (delta 0), pack-reused 0 (from 0)
To https://github.com/ntynhi25174600185-hue/37_NguyenThiYenNhi_bai_tap.git
   13ba3b8..3c9a322  main -> main

PC@LAPTOP-00OJQJ9N MINGW64 ~/Desktop/BTchuong3/37_NguyenThiYenNhi_bai_tap (main)
$ git checkout branch_1
Switched to branch 'branch_1'

PC@LAPTOP-00OJQJ9N MINGW64 ~/Desktop/BTchuong3/37_NguyenThiYenNhi_bai_tap (branch_1)
$ git push origin branch_1
Everything up-to-date

PC@LAPTOP-00OJQJ9N MINGW64 ~/Desktop/BTchuong3/37_NguyenThiYenNhi_bai_tap (branch_1)
$ git checkout branch_2
Switched to branch 'branch_2'

PC@LAPTOP-00OJQJ9N MINGW64 ~/Desktop/BTchuong3/37_NguyenThiYenNhi_bai_tap (branch_2)
$ git push origin branch_2
Everything up-to-date

PC@LAPTOP-00OJQJ9N MINGW64 ~/Desktop/BTchuong3/37_NguyenThiYenNhi_bai_tap (branch_2)
$ git checkout branch_3
Switched to branch 'branch_3'

PC@LAPTOP-00OJQJ9N MINGW64 ~/Desktop/BTchuong3/37_NguyenThiYenNhi_bai_tap (branch_3)
$ git push origin branch_3
Everything up-to-date

PC@LAPTOP-00OJQJ9N MINGW64 ~/Desktop/BTchuong3/37_NguyenThiYenNhi_bai_tap (branch_3)
$ git checkout main
Switched to branch 'main'
Your branch is up to date with 'origin/main'.

PC@LAPTOP-00OJQJ9N MINGW64 ~/Desktop/BTchuong3/37_NguyenThiYenNhi_bai_tap (main)
$ git pull origin main
From https://github.com/ntynhi25174600185-hue/37_NguyenThiYenNhi_bai_tap
 * branch            main       -> FETCH_HEAD
Already up to date.

BÀI7
PC@LAPTOP-00OJQJ9N MINGW64 ~/Desktop/BTchuong3/37_NguyenThiYenNhi_bai_tap (main)
$ git checkout branch_1
Switched to branch 'branch_1'

PC@LAPTOP-00OJQJ9N MINGW64 ~/Desktop/BTchuong3/37_NguyenThiYenNhi_bai_tap (branch_1)
$ git checkout -b branch_5
Switched to a new branch 'branch_5'

PC@LAPTOP-00OJQJ9N MINGW64 ~/Desktop/BTchuong3/37_NguyenThiYenNhi_bai_tap (branch_5)
$ git branch
  branch_1
  branch_2
  branch_3
* branch_5
  main

PC@LAPTOP-00OJQJ9N MINGW64 ~/Desktop/BTchuong3/37_NguyenThiYenNhi_bai_tap (branch_5)
$ git add text_branch_1.txt

PC@LAPTOP-00OJQJ9N MINGW64 ~/Desktop/BTchuong3/37_NguyenThiYenNhi_bai_tap (branch_5)
$ git commit -m "nội dung trong text_branch_1.txt ở branch_5"
[branch_5 a93a6ae] nội dung trong text_branch_1.txt ở branch_5
 1 file changed, 2 insertions(+)

PC@LAPTOP-00OJQJ9N MINGW64 ~/Desktop/BTchuong3/37_NguyenThiYenNhi_bai_tap (branch_5)
$ git push origin branch_5
Enumerating objects: 5, done.
Counting objects: 100% (5/5), done.
Delta compression using up to 16 threads
Compressing objects: 100% (3/3), done.
Writing objects: 100% (3/3), 752 bytes | 752.00 KiB/s, done.
Total 3 (delta 0), reused 0 (delta 0), pack-reused 0 (from 0)
remote:
remote: Create a pull request for 'branch_5' on GitHub by visiting:
remote:      https://github.com/ntynhi25174600185-hue/37_NguyenThiYenNhi_bai_tap/pull/new/branch_5
remote:
To https://github.com/ntynhi25174600185-hue/37_NguyenThiYenNhi_bai_tap.git
 * [new branch]      branch_5 -> branch_5
PC@LAPTOP-00OJQJ9N MINGW64 ~/Desktop/BTchuong3/37_NguyenThiYenNhi_bai_tap (branch_5)
$ git checkout main
Switched to branch 'main'
Your branch is up to date with 'origin/main'.

PC@LAPTOP-00OJQJ9N MINGW64 ~/Desktop/BTchuong3/37_NguyenThiYenNhi_bai_tap (main)
$ git checkout branch_1
Switched to branch 'branch_1'

PC@LAPTOP-00OJQJ9N MINGW64 ~/Desktop/BTchuong3/37_NguyenThiYenNhi_bai_tap (branch_1)
$ git branch -D branch_5
Deleted branch branch_5 (was a93a6ae).

BÀI8
PC@LAPTOP-00OJQJ9N MINGW64 ~/Desktop/BTchuong3/37_NguyenThiYenNhi_bai_tap (main)
$ git pull origin main
From https://github.com/ntynhi25174600185-hue/37_NguyenThiYenNhi_bai_tap
 * branch            main       -> FETCH_HEAD
Already up to date.

BÀI9
PC@LAPTOP-00OJQJ9N MINGW64 ~/Desktop/BTchuong3/37_NguyenThiYenNhi_bai_tap (main)
$ git branch -D branch_3
Deleted branch branch_3 (was 786c787).

PC@LAPTOP-00OJQJ9N MINGW64 ~/Desktop/BTchuong3/37_NguyenThiYenNhi_bai_tap (main)
$ git branch -D branch_4
error: branch 'branch_4' not found

PC@LAPTOP-00OJQJ9N MINGW64 ~/Desktop/BTchuong3/37_NguyenThiYenNhi_bai_tap (main)
$ git push origin --delete branch_2
To https://github.com/ntynhi25174600185-hue/37_NguyenThiYenNhi_bai_tap.git
 - [deleted]         branch_2

PC@LAPTOP-00OJQJ9N MINGW64 ~/Desktop/BTchuong3/37_NguyenThiYenNhi_bai_tap (main)
$ git push origin --delete branch_3
To https://github.com/ntynhi25174600185-hue/37_NguyenThiYenNhi_bai_tap.git
 - [deleted]         branch_3

PC@LAPTOP-00OJQJ9N MINGW64 ~/Desktop/BTchuong3/37_NguyenThiYenNhi_bai_tap (main)
$ git push origin --delete branch_4
To https://github.com/ntynhi25174600185-hue/37_NguyenThiYenNhi_bai_tap.git
 - [deleted]         branch_4

PC@LAPTOP-00OJQJ9N MINGW64 ~/Desktop/BTchuong3/37_NguyenThiYenNhi_bai_tap (main)
$ git checkout branch_1
Switched to branch 'branch_1'

PC@LAPTOP-00OJQJ9N MINGW64 ~/Desktop/BTchuong3/37_NguyenThiYenNhi_bai_tap (branch_1)
$ git pull origin main
remote: Enumerating objects: 20, done.
remote: Counting objects: 100% (20/20), done.
remote: Compressing objects: 100% (16/16), done.
remote: Total 17 (delta 5), reused 7 (delta 0), pack-reused 0 (from 0)
Unpacking objects: 100% (17/17), 4.58 KiB | 130.00 KiB/s, done.
From https://github.com/ntynhi25174600185-hue/37_NguyenThiYenNhi_bai_tap
 * branch            main       -> FETCH_HEAD
   3c9a322..ae1bf06  main       -> origin/main
Updating 67e74ce..ae1bf06
Fast-forward
 main_folder/main_txt_1.txt | 1 +
 main_folder/main_txt_2.txt | 1 +
 main_folder/main_txt_3.txt | 1 +
 text_branch_2.txt          | 1 +
 text_branch_3.txt          | 1 +
 text_branch_4.txt          | 1 +
 6 files changed, 6 insertions(+)
 create mode 100644 main_folder/main_txt_1.txt
 create mode 100644 main_folder/main_txt_2.txt
 create mode 100644 main_folder/main_txt_3.txt
 create mode 100644 text_branch_2.txt
 create mode 100644 text_branch_3.txt
 create mode 100644 text_branch_4.txt

PC@LAPTOP-00OJQJ9N MINGW64 ~/Desktop/BTchuong3/37_NguyenThiYenNhi_bai_tap (branch_1)
$ git push origin branch_1
Total 0 (delta 0), reused 0 (delta 0), pack-reused 0 (from 0)
To https://github.com/ntynhi25174600185-hue/37_NguyenThiYenNhi_bai_tap.git
   67e74ce..ae1bf06  branch_1 -> branch_1
